japanesechina is developed countrychina is developed countrychina is developed countrychina is developed countrychina is developed countrychina is developed countrychina is developed countrychina is developed countrychina is developed countrychina is developed country